0 14 5.793e-31 5.793e-31 1.000e+00 3 3 42
1 14 5.423e-31 5.423e-31 5.144e-01 5 3 48
2 14 4.314e-31 1.159e-30 4.850e-01 5 3 48
3 14 4.561e-31 1.072e-30 3.174e-01 13 3 48
4 14 8.505e-31 8.505e-31 3.912e-01 3 3 52
5 14 3.944e-31 3.944e-31 4.627e-01 3 3 52
6 14 4.684e-31 4.684e-31 3.211e-01 3 3 52
7 14 7.149e-31 7.149e-31 4.469e-01 3 3 51
8 14 3.205e-31 3.205e-31 2.797e-01 3 3 50
9 14 4.930e-31 4.930e-31 2.534e-01 3 3 49
10 14 5.793e-31 5.793e-31 1.854e-01 3 3 48
11 14 1.097e-30 1.097e-30 1.923e-01 3 3 51
12 14 7.519e-31 7.519e-31 3.026e-01 3 3 54
13 14 7.889e-31 7.889e-31 3.361e-02 3 3 54
14 14 3.944e-31 3.944e-31 5.261e-01 3 3 53
15 14 6.656e-31 6.656e-31 3.700e-01 3 3 52
16 14 5.793e-31 5.793e-31 3.024e-01 3 3 51
17 14 4.807e-31 4.807e-31 1.283e-01 3 3 54
18 14 6.903e-31 6.903e-31 1.100e-01 3 3 52
19 14 5.547e-31 5.547e-31 2.475e-01 3 3 50
20 14 1.491e-30 1.491e-30 2.964e-01 3 3 48
21 14 1.381e-30 1.381e-30 4.506e-01 3 3 52
22 14 1.097e-30 1.097e-30 2.527e-01 3 3 51
23 14 5.423e-31 1.023e-30 5.377e-01 9 3 53
24 14 4.561e-31 6.040e-31 3.045e-01 13 3 53
25 14 5.300e-31 8.751e-31 4.657e-01 21 3 53
26 14 4.684e-31 7.765e-31 4.303e-01 23 3 53
27 14 1.035e-30 1.035e-30 1.843e-01 3 3 52
28 14 1.035e-30 1.035e-30 3.110e-01 3 3 52
29 14 5.177e-31 5.177e-31 4.181e-01 5 3 53
30 14 8.012e-31 8.012e-31 3.363e-01 6 3 53
31 14 5.300e-31 7.642e-31 5.990e-01 6 3 54
32 14 6.163e-31 1.652e-30 5.226e-01 5 3 55
33 14 5.423e-31 5.423e-31 3.673e-01 3 3 54
34 14 4.930e-31 4.930e-31 3.403e-01 4 3 53
35 14 3.698e-31 3.698e-31 3.771e-01 5 3 55
36 14 4.684e-31 6.163e-31 4.455e-01 5 3 56
37 14 5.054e-31 8.135e-31 5.273e-01 11 3 55
38 14 6.533e-31 6.533e-31 4.368e-01 5 3 53
39 14 8.875e-31 8.875e-31 1.885e-01 4 3 53
40 14 1.048e-30 1.048e-30 4.570e-01 3 3 52
41 14 1.146e-30 1.146e-30 4.779e-01 3 3 52
42 14 1.467e-30 1.467e-30 5.293e-01 3 3 52
43 14 1.183e-30 1.183e-30 2.966e-01 4 3 53
44 14 7.272e-31 7.272e-31 1.114e-01 3 3 52
45 14 3.451e-31 1.035e-30 2.788e-01 10 3 56
46 14 4.561e-31 4.561e-31 2.744e-01 6 3 56
47 14 2.835e-31 9.738e-31 2.617e-01 11 3 56
48 14 6.163e-31 6.163e-31 2.443e-01 3 3 57
49 14 6.779e-31 6.779e-31 1.798e-01 3 3 56
50 14 5.054e-31 5.054e-31 1.640e-01 3 3 55
51 14 7.272e-31 7.272e-31 3.751e-01 3 3 54
52 14 6.040e-31 6.040e-31 3.069e-01 3 3 55
53 14 6.163e-31 6.163e-31 1.307e-01 3 3 53
54 14 4.314e-31 4.314e-31 5.057e-01 3 3 54
55 14 7.889e-31 7.889e-31 3.940e-01 4 3 55
56 14 1.109e-30 1.109e-30 3.941e-01 3 3 54
57 14 1.097e-30 1.097e-30 3.956e-01 3 3 54
58 14 1.405e-30 1.405e-30 2.638e-01 3 3 54
59 14 8.875e-31 8.875e-31 2.122e-01 3 3 54
60 14 5.793e-31 8.258e-31 3.445e-01 7 3 57
61 14 6.656e-31 6.656e-31 4.304e-01 3 3 55
62 14 5.670e-31 5.670e-31 4.664e-01 3 3 56
63 14 8.751e-31 8.751e-31 6.273e-02 3 3 57
64 14 4.314e-31 4.314e-31 1.086e-01 3 3 57
65 14 5.054e-31 5.054e-31 1.634e-01 3 3 57
66 14 7.889e-31 7.889e-31 4.044e-01 3 3 55
67 14 6.779e-31 6.779e-31 4.832e-01 3 3 56
68 14 6.409e-31 6.409e-31 3.875e-01 3 3 53
69 14 8.628e-31 8.628e-31 4.205e-01 3 3 56
70 14 9.368e-31 9.368e-31 3.456e-01 3 3 55
71 14 1.220e-30 1.220e-30 1.616e-01 3 3 54
72 14 8.751e-31 8.751e-31 2.572e-01 3 3 54
73 14 8.258e-31 8.258e-31 3.008e-01 3 3 54
74 14 9.984e-31 9.984e-31 3.539e-01 3 3 53
75 14 9.121e-31 9.121e-31 6.953e-02 3 3 58
76 14 7.642e-31 7.642e-31 9.330e-02 3 3 56
77 14 1.035e-30 1.035e-30 6.745e-02 3 3 56
78 14 5.423e-31 5.423e-31 4.228e-02 3 3 57
79 14 1.479e-30 1.479e-30 3.054e-01 3 3 56
80 14 4.561e-31 4.561e-31 1.563e-01 3 3 55
81 14 5.177e-31 5.177e-31 4.089e-01 3 3 56
82 14 5.793e-31 5.793e-31 3.670e-01 3 3 55
83 14 6.533e-31 6.533e-31 2.599e-01 3 3 54
84 14 7.026e-31 7.026e-31 2.793e-01 3 3 53
85 14 4.561e-31 4.561e-31 5.752e-01 3 3 56
86 14 1.122e-30 1.122e-30 2.838e-01 3 3 55
87 14 4.437e-31 4.437e-31 2.428e-01 3 3 57
88 14 1.417e-30 1.417e-30 5.266e-01 3 3 52
89 14 7.889e-31 7.889e-31 6.751e-01 3 3 53
90 14 8.505e-31 8.505e-31 2.105e-01 3 3 54
91 14 1.196e-30 1.196e-30 2.628e-01 3 3 55
92 14 1.011e-30 1.011e-30 2.074e-01 3 3 55
93 14 1.479e-30 1.479e-30 3.183e-01 3 3 54
94 14 1.368e-30 1.368e-30 4.665e-01 3 3 54
95 14 9.984e-31 9.984e-31 4.087e-01 3 3 54
96 14 8.505e-31 8.505e-31 6.516e-02 3 3 53
97 14 1.331e-30 1.331e-30 9.691e-02 3 3 55
98 14 4.807e-31 4.807e-31 1.394e-01 3 3 55
99 14 8.382e-31 8.382e-31 2.138e-01 3 3 54
100 14 4.314e-31 4.314e-31 3.517e-01 3 3 53
101 14 1.048e-30 1.048e-30 9.086e-02 3 3 52
102 14 7.149e-31 7.149e-31 3.050e-01 7 3 59
103 14 1.183e-30 1.183e-30 2.426e-02 3 3 59
104 14 8.012e-31 8.012e-31 2.185e-01 3 3 59
105 14 3.698e-31 1.085e-30 6.537e-02 58 3 59
106 14 8.998e-31 8.998e-31 1.588e-02 3 3 59
107 14 1.159e-30 1.159e-30 2.025e-02 3 3 57
108 14 1.011e-30 1.430e-30 3.248e-01 31 3 59
109 14 1.097e-30 1.097e-30 2.687e-01 8 3 59
110 14 9.984e-31 1.491e-30 3.601e-01 4 3 58
111 14 1.282e-30 1.282e-30 3.494e-01 4 3 59
112 14 1.541e-30 1.541e-30 2.133e-01 3 3 59
113 14 1.233e-30 1.233e-30 3.087e-02 3 3 58
114 14 1.294e-30 1.703e-29 2.388e-01 6 3 59
115 14 1.270e-30 1.270e-30 4.342e-01 3 3 58
116 14 1.257e-30 1.417e-30 5.153e-01 5 3 58
117 14 9.738e-31 9.738e-31 1.312e-01 8 3 59
118 14 1.171e-30 1.171e-30 3.542e-01 4 3 58
119 14 1.319e-30 1.676e-30 1.862e-01 9 3 59
120 14 1.442e-30 1.442e-30 5.328e-01 3 3 59
121 14 1.183e-30 1.183e-30 2.648e-01 5 3 58
122 14 1.861e-30 1.861e-30 9.194e-02 3 3 58
123 14 1.196e-30 1.196e-30 1.652e-01 5 3 59
124 14 1.109e-30 1.109e-30 4.674e-01 5 3 58
125 14 1.023e-30 1.023e-30 8.031e-02 11 3 58
126 14 5.423e-31 1.023e-30 9.329e-02 15 3 59
127 14 6.040e-31 6.779e-31 4.623e-01 13 3 59
128 14 1.220e-30 1.220e-30 1.218e-02 3 3 57
129 14 1.134e-30 1.134e-30 1.387e-01 3 3 59
130 14 1.146e-30 1.146e-30 3.500e-01 3 3 59
131 14 1.270e-30 1.270e-30 2.036e-01 3 3 59
132 14 1.578e-30 1.787e-30 1.893e-01 4 3 58
133 14 8.505e-31 1.060e-30 1.359e-01 4 3 59
134 14 1.257e-30 1.257e-30 3.665e-01 4 3 58
135 14 9.984e-31 9.984e-31 2.160e-02 84 3 58
136 14 1.134e-30 1.134e-30 1.659e-01 20 3 60
137 14 2.465e-31 2.465e-31 4.304e-01 37 3 59
138 14 5.547e-31 5.547e-31 1.008e-01 5 3 59
139 14 1.134e-30 1.134e-30 2.109e-03 3 3 57
140 14 8.628e-31 1.023e-30 3.265e-01 24 3 57
141 14 9.861e-31 9.861e-31 4.093e-01 3 3 59
142 14 8.382e-31 8.382e-31 5.116e-01 8 3 60
143 14 1.109e-30 1.787e-30 8.351e-02 9 3 60
144 14 8.258e-31 1.023e-30 1.752e-01 10 3 60
145 14 1.023e-30 1.023e-30 2.642e-01 4 3 59
146 14 1.726e-30 2.095e-30 4.091e-01 5 3 60
147 14 1.072e-30 1.553e-30 4.325e-01 13 3 59
148 14 1.196e-30 1.196e-30 3.815e-02 3 3 61
149 14 5.793e-31 5.793e-31 4.774e-01 5 3 59
150 14 1.146e-30 1.516e-30 1.267e-01 6 3 59
151 14 1.134e-30 1.664e-30 5.398e-01 7 3 58
152 14 6.286e-31 6.286e-31 3.436e-02 5 3 59
153 14 1.035e-30 1.048e-30 8.465e-02 4 3 59
154 14 9.984e-31 9.984e-31 1.202e-01 3 3 57
155 14 1.405e-30 1.405e-30 5.060e-02 8 3 59
156 14 1.270e-30 1.270e-30 4.646e-03 5 3 59
157 14 1.060e-30 1.060e-30 2.046e-01 4 3 59
158 14 1.726e-30 1.726e-30 1.287e-02 4 3 59
159 14 1.196e-30 1.196e-30 7.690e-02 3 3 58
160 14 9.984e-31 9.984e-31 1.038e-01 3 3 58
161 14 1.245e-30 1.705e-29 9.971e-02 4 3 59
162 14 1.750e-30 1.750e-30 3.937e-01 3 3 58
163 14 8.258e-31 1.035e-30 2.459e-01 5 3 59
164 14 9.984e-31 1.208e-30 1.599e-01 46 3 62
165 14 1.011e-30 1.011e-30 5.868e-01 16 3 62
166 14 8.382e-31 1.060e-30 4.245e-01 29 3 62
167 14 9.861e-31 1.639e-30 3.542e-01 11 3 62
168 14 1.011e-30 1.565e-30 3.153e-01 15 3 62
169 14 8.875e-31 1.787e-30 5.512e-01 112 3 63
170 14 8.751e-31 1.627e-30 2.564e-01 29 3 61
171 14 8.998e-31 1.233e-30 2.585e-01 19 3 61
172 14 9.614e-31 1.220e-30 4.385e-01 41 3 62
173 14 9.491e-31 9.984e-31 8.392e-02 33 3 62
174 14 9.984e-31 1.245e-30 1.788e-02 27 3 61
175 14 9.861e-31 9.861e-31 2.645e-01 6 3 60
176 14 1.011e-30 1.011e-30 6.176e-03 4 3 60
177 14 8.505e-31 9.121e-31 1.510e-01 15 3 60
178 14 1.171e-30 1.171e-30 1.364e-01 3 3 59
179 14 1.122e-30 1.381e-30 4.200e-01 13 3 60
180 14 1.048e-30 1.048e-30 1.860e-02 5 3 60
181 14 1.097e-30 1.097e-30 4.943e-01 8 3 59
182 14 1.270e-30 1.701e-30 3.884e-01 5 3 60
183 14 1.109e-30 1.430e-30 7.866e-02 6 3 60
184 14 9.614e-31 9.614e-31 1.212e-01 4 3 60
185 14 1.035e-30 1.159e-30 1.857e-01 4 3 59
186 14 1.245e-30 1.479e-30 1.983e-01 6 3 60
187 14 1.011e-30 1.454e-30 1.338e-01 14 3 60
188 14 1.196e-30 1.196e-30 1.435e-01 7 3 60
189 14 1.023e-30 2.021e-30 4.147e-01 6 3 60
190 14 1.257e-30 1.701e-30 1.535e-01 5 3 60
191 14 1.516e-30 1.516e-30 2.145e-01 4 3 60
192 14 1.257e-30 1.282e-30 3.081e-01 9 3 61
193 14 1.122e-30 1.122e-30 6.695e-02 10 3 61
194 14 8.875e-31 1.504e-30 4.210e-01 114 3 63
195 14 7.765e-31 7.765e-31 1.562e-01 6 3 60
196 14 8.751e-31 1.282e-30 1.976e-01 11 3 60
197 14 1.196e-30 1.233e-30 1.713e-01 11 3 58
198 14 1.122e-30 1.196e-30 7.766e-03 16 3 60
199 14 1.196e-30 1.196e-30 3.138e-02 4 3 60
200 14 2.095e-31 3.944e-31 6.780e-02 19 3 57
201 14 9.368e-31 9.368e-31 2.424e-01 3 3 55
202 14 9.368e-31 9.368e-31 1.893e-01 3 3 55
203 14 4.437e-31 4.437e-31 3.107e-01 5 3 57
204 14 1.109e-30 1.109e-30 6.060e-02 3 3 55
205 14 1.072e-30 1.072e-30 3.806e-01 4 3 55
206 14 5.177e-31 5.177e-31 2.736e-01 3 3 57
207 14 1.060e-30 1.060e-30 2.097e-01 3 3 56
208 14 1.368e-30 1.368e-30 5.102e-01 3 3 56
209 14 1.417e-30 1.417e-30 9.886e-02 3 3 56
210 14 8.258e-31 8.258e-31 2.971e-01 3 3 57
211 14 1.072e-30 1.072e-30 1.312e-01 3 3 55
212 14 4.807e-31 8.505e-31 2.083e-01 12 3 57
213 14 2.958e-31 2.958e-31 6.301e-02 4 3 57
214 14 9.368e-31 9.368e-31 4.973e-01 3 3 56
215 14 1.442e-30 1.442e-30 3.935e-01 3 3 55
216 14 1.048e-30 1.048e-30 4.994e-01 3 3 56
217 14 9.244e-31 1.368e-30 2.629e-01 4 3 59
218 14 8.875e-31 1.208e-30 1.144e-01 94 3 59
219 14 1.344e-30 1.344e-30 2.286e-01 4 3 58
220 14 1.356e-30 1.578e-30 1.429e-01 5 3 59
221 14 1.294e-30 1.294e-30 1.649e-01 3 3 59
222 14 1.393e-30 1.393e-30 2.426e-01 4 3 59
223 14 8.505e-31 8.505e-31 2.446e-01 5 3 59
224 14 1.183e-30 1.183e-30 3.041e-02 3 3 58
225 14 1.430e-30 1.430e-30 1.345e-01 3 3 59
226 14 1.442e-30 1.442e-30 2.967e-02 4 3 58
227 14 1.048e-30 1.048e-30 4.688e-01 5 3 58
228 14 5.177e-31 7.765e-31 3.580e-01 14 3 59
229 14 8.875e-31 8.875e-31 4.471e-01 3 3 57
230 14 9.861e-31 9.861e-31 1.773e-02 3 3 59
231 14 1.245e-30 1.245e-30 2.732e-01 3 3 59
232 14 1.146e-30 1.208e-30 3.871e-01 10 3 57
233 14 1.590e-30 1.689e-30 6.899e-03 4 3 60
234 14 3.525e-30 3.525e-30 2.627e-01 3 3 59
235 14 1.171e-30 1.294e-30 9.446e-02 4 3 57
236 14 4.314e-31 1.035e-30 3.993e-01 11 3 59
237 14 5.547e-31 5.547e-31 1.344e-01 4 3 59
238 14 1.282e-30 1.282e-30 3.609e-01 3 3 59
239 14 1.541e-30 1.541e-30 1.425e-01 3 3 58
240 14 1.023e-30 1.060e-30 3.744e-01 6 3 58
241 14 1.233e-30 1.233e-30 4.480e-01 7 3 59
242 14 1.220e-30 1.220e-30 2.004e-01 3 3 58
243 14 1.085e-30 1.454e-30 8.262e-02 5 3 59
244 14 1.307e-30 1.307e-30 2.825e-02 4 3 58
245 14 1.763e-30 1.763e-30 1.327e-02 3 3 59
246 14 1.159e-30 1.159e-30 2.490e-02 5 3 58
247 14 1.208e-30 1.208e-30 3.465e-01 5 3 58
248 14 1.257e-30 1.257e-30 7.124e-02 3 3 58
249 14 9.738e-31 9.738e-31 1.699e-01 5 3 59
250 14 1.134e-30 1.331e-30 3.423e-02 9 3 59
251 14 9.738e-31 9.738e-31 3.096e-01 5 3 58
252 14 1.233e-30 1.233e-30 5.569e-01 7 3 59
253 14 1.196e-30 1.196e-30 4.360e-01 5 3 59
254 14 1.541e-30 1.541e-30 5.607e-02 3 3 59
255 14 8.751e-31 8.751e-31 4.046e-02 4 3 60
256 14 6.656e-31 6.656e-31 3.929e-01 3 3 58
257 14 1.072e-30 1.146e-30 4.471e-01 13 3 60
258 14 1.109e-30 1.159e-30 2.579e-03 9 3 60
259 14 8.505e-31 1.257e-30 4.898e-02 7 3 60
260 14 1.011e-30 1.011e-30 4.530e-01 7 3 61
261 14 6.779e-31 6.779e-31 6.518e-01 4 3 58
262 14 9.861e-31 9.861e-31 1.996e-01 4 3 58
263 14 1.183e-30 1.183e-30 2.807e-01 4 3 58
264 14 8.998e-31 1.023e-30 2.798e-01 7 3 59
265 14 1.048e-30 1.072e-30 4.982e-01 5 3 59
266 14 1.060e-30 1.060e-30 1.120e-01 3 3 58
267 14 9.738e-31 1.208e-30 3.928e-01 9 3 59
268 14 1.381e-30 1.381e-30 3.091e-01 6 3 59
269 14 1.035e-30 1.035e-30 4.416e-01 6 3 58
270 14 1.344e-30 4.413e-30 2.177e-01 7 3 59
271 14 1.171e-30 1.171e-30 1.483e-01 4 3 59
272 14 1.233e-30 1.356e-30 2.304e-01 9 3 60
273 14 9.738e-31 9.738e-31 4.204e-01 9 3 59
274 14 1.245e-30 1.245e-30 1.136e-02 3 3 58
275 14 8.628e-31 8.628e-31 2.460e-02 3 3 58
276 14 1.467e-30 1.738e-30 2.916e-01 5 3 59
277 14 1.282e-30 1.282e-30 3.609e-01 3 3 58
278 14 9.738e-31 9.738e-31 4.817e-02 3 3 58
279 14 8.382e-31 1.171e-30 1.366e-02 18 3 59
280 14 1.159e-30 1.220e-30 1.981e-01 5 3 59
281 14 1.368e-30 1.381e-30 2.951e-02 9 3 60
282 14 9.491e-31 1.134e-30 1.597e-01 24 3 59
283 14 1.356e-30 1.356e-30 2.582e-01 3 3 59
284 14 1.356e-30 1.356e-30 1.450e-01 5 3 59
285 14 1.331e-30 1.331e-30 8.617e-02 3 3 59
286 14 1.072e-30 1.072e-30 4.075e-01 5 3 58
287 14 1.146e-30 1.146e-30 3.928e-01 3 3 59
288 14 1.442e-30 1.442e-30 1.397e-01 3 3 59
289 14 1.602e-30 1.602e-30 2.306e-01 5 3 59
290 14 1.048e-30 1.048e-30 2.919e-02 3 3 58
291 14 9.121e-31 9.121e-31 2.668e-01 3 3 58
292 14 8.875e-31 1.183e-30 9.917e-02 5 3 59
293 14 8.505e-31 8.505e-31 1.849e-01 3 3 58
294 14 8.998e-31 8.998e-31 1.155e-01 5 3 59
295 14 1.565e-30 1.565e-30 4.074e-02 4 3 59
296 14 1.331e-30 1.331e-30 7.728e-03 6 3 59
297 14 1.159e-30 1.159e-30 1.261e-01 3 3 58
298 14 1.208e-30 1.208e-30 1.378e-02 3 3 59
299 14 5.793e-31 5.793e-31 1.041e-01 3 3 59
300 14 1.122e-30 1.122e-30 3.486e-01 3 3 59
301 14 1.405e-30 1.405e-30 1.264e-02 3 3 59
302 14 1.183e-30 1.183e-30 4.247e-01 3 3 59
303 14 9.554e-02 9.554e-02 1.903e-01 0 0 58
304 14 9.555e-02 9.555e-02 2.740e-01 0 0 58
305 14 5.793e-31 6.656e-31 2.408e-01 11 3 57
306 14 1.220e-30 1.220e-30 5.034e-01 4 3 58
307 14 8.382e-31 8.382e-31 3.467e-01 4 3 56
308 14 1.344e-30 1.344e-30 2.572e-01 3 3 56
309 14 1.294e-30 1.294e-30 3.617e-01 3 3 56
310 14 5.978e-30 5.978e-30 3.884e-01 3 3 56
311 14 8.505e-31 8.505e-31 1.510e-01 4 3 56
312 14 4.437e-31 8.135e-31 3.110e-01 9 3 58
313 14 1.035e-30 1.035e-30 1.816e-01 4 3 56
314 14 1.171e-30 1.171e-30 1.321e-01 3 3 57
315 14 1.171e-30 1.307e-30 2.788e-01 7 3 55
316 14 9.738e-31 9.738e-31 3.887e-01 3 3 55
317 14 1.671e-02 1.671e-02 4.825e-01 0 0 60
318 14 4.684e-31 8.628e-31 8.916e-02 4 3 59
319 14 6.409e-31 6.409e-31 2.603e-01 4 3 58
320 14 6.409e-31 6.409e-31 4.314e-01 10 3 59
321 14 5.547e-31 5.547e-31 2.985e-02 5 3 59
322 14 7.272e-31 9.614e-31 5.376e-02 4 3 60
323 14 2.835e-31 3.698e-31 1.749e-01 5 3 60
324 14 4.561e-31 1.220e-30 2.045e-01 4 3 58
325 14 5.177e-31 5.177e-31 2.999e-01 5 3 60
326 14 3.944e-31 5.916e-31 3.032e-01 8 3 58
327 14 1.528e-30 1.528e-30 4.686e-01 5 3 57
328 14 9.244e-31 9.244e-31 1.661e-01 5 3 59
329 14 1.183e-30 1.183e-30 1.004e-01 3 3 60
330 14 6.533e-31 6.533e-31 4.611e-02 4 3 58
331 14 1.122e-30 1.528e-30 1.969e-01 4 3 57
332 14 1.849e-30 1.849e-30 2.508e-02 5 3 58
333 14 1.196e-30 1.196e-30 1.668e-01 4 3 57
334 14 1.516e-30 1.516e-30 3.718e-01 6 3 58
335 14 1.307e-30 1.307e-30 1.913e-01 4 3 56
336 14 1.171e-30 1.171e-30 1.040e-01 3 3 57
337 14 1.122e-30 4.142e-30 1.692e-01 6 3 57
338 14 3.081e-31 3.081e-31 3.204e-02 4 3 58
339 14 2.342e-31 1.615e+03 2.395e-02 147 0 58
340 14 3.328e-31 1.347e+03 6.009e-02 149 0 59
341 14 3.944e-31 4.620e+02 1.582e-02 149 0 58
342 14 1.023e-30 1.220e-30 1.428e-01 4 3 56
343 14 1.196e-30 1.615e-30 4.054e-01 4 3 57
344 14 1.035e-30 1.035e-30 3.741e-01 4 3 57
345 14 6.779e-31 6.779e-31 3.683e-01 3 3 57
346 14 1.048e-30 1.048e-30 2.858e-01 4 3 59
347 14 7.765e-31 7.765e-31 2.249e-01 4 3 58
348 14 1.294e-30 1.294e-30 2.945e-01 5 3 56
349 14 1.060e-30 1.122e-30 4.561e-01 4 3 56
350 14 6.409e-31 6.409e-31 4.490e-01 3 3 57
351 14 4.068e-31 4.068e-31 4.949e-01 5 3 58
352 14 1.454e-30 1.454e-30 2.992e-01 3 3 58
353 14 2.588e-31 1.000e+30 0.000e+00 150 0 58
354 14 3.821e-31 1.000e+30 0.000e+00 150 0 60
355 14 2.712e-31 1.000e+30 0.000e+00 150 0 58
356 14 1.011e-30 1.011e-30 3.727e-01 3 3 56
357 14 1.011e-30 1.011e-30 3.136e-01 3 3 57
358 14 7.026e-31 7.026e-31 8.857e-02 3 3 58
359 14 1.676e-30 1.676e-30 1.433e-01 3 3 56
360 14 1.417e-30 1.417e-30 2.855e-01 4 3 56
361 14 9.244e-31 9.244e-31 4.129e-02 3 3 55
362 14 1.356e-30 1.356e-30 1.423e-01 3 3 56
363 14 1.491e-30 1.491e-30 6.175e-01 3 3 55
364 14 9.614e-31 9.614e-31 4.517e-01 3 3 56
365 14 3.328e-31 2.955e+03 3.067e-02 148 0 56
366 14 3.205e-31 1.500e+05 2.384e-01 148 0 55
367 14 1.671e-02 1.671e-02 3.957e-01 0 0 61
368 14 1.671e-02 1.671e-02 4.322e-01 0 0 61
369 14 6.163e-31 6.163e-31 1.666e-01 5 3 59
370 14 5.423e-31 6.903e-31 2.126e-01 10 3 59
371 14 4.561e-31 4.561e-31 1.950e-01 9 3 58
372 14 4.068e-31 4.068e-31 1.626e-01 5 3 59
373 14 8.628e-31 8.628e-31 2.328e-01 4 3 59
374 14 1.270e-30 1.270e-30 1.448e-01 4 3 58
375 14 5.596e-30 5.596e-30 2.489e-01 3 3 58
376 14 6.286e-31 6.286e-31 7.186e-03 3 3 58
377 14 9.738e-31 9.738e-31 2.251e-01 3 3 59
378 14 5.670e-31 5.670e-31 2.790e-03 3 3 57
379 14 5.054e-31 5.054e-31 1.604e-01 5 3 60
380 14 4.807e-31 4.807e-31 8.659e-02 6 3 60
381 14 3.575e-31 3.944e-31 1.070e-01 9 3 58
382 14 4.068e-31 4.068e-31 1.772e-01 3 3 60
383 14 9.244e-31 9.244e-31 3.894e-02 4 3 58
384 14 1.319e-30 1.319e-30 1.441e-01 3 3 59
385 14 1.011e-30 1.011e-30 2.927e-01 4 3 58
386 14 1.183e-30 1.183e-30 4.295e-01 4 3 57
387 14 8.628e-31 8.628e-31 1.479e-01 4 3 58
388 14 8.875e-31 8.875e-31 1.089e-01 5 3 57
389 14 2.095e-30 2.095e-30 1.131e-01 3 3 56
390 14 1.405e-30 1.405e-30 1.758e-01 3 3 57
391 14 9.491e-31 9.491e-31 3.096e-01 4 3 58
392 14 8.751e-31 8.751e-31 4.337e-01 3 3 56
393 14 1.849e-31 1.718e+05 2.145e-01 149 0 57
394 14 2.958e-31 1.000e+30 0.000e+00 150 0 56
395 14 4.807e-31 4.807e-31 5.178e-02 5 3 61
396 14 5.177e-31 5.177e-31 2.143e-01 5 3 60
397 14 5.547e-31 5.547e-31 1.783e-01 3 3 60
398 14 1.023e-30 1.233e-30 1.354e-01 5 3 60
399 14 1.405e-30 1.405e-30 2.347e-02 3 3 59
400 14 7.396e-31 7.396e-31 1.700e-01 5 3 59
401 14 1.048e-30 1.048e-30 3.523e-01 3 3 58
402 14 1.035e-30 1.035e-30 3.033e-01 4 3 59
403 14 7.272e-31 7.272e-31 1.765e-01 3 3 60
404 14 1.233e-30 1.233e-30 6.281e-02 3 3 58
405 14 6.656e-31 6.656e-31 2.916e-01 3 3 59
406 14 3.081e-31 4.691e+03 2.816e-02 149 0 58
407 14 3.328e-31 1.000e+30 0.000e+00 150 0 61
408 14 8.135e-31 1.000e+30 0.000e+00 150 0 59
409 14 7.889e-31 3.079e+05 1.579e-01 149 0 59
410 14 8.135e-31 1.524e+07 8.281e-02 149 0 60
411 14 1.245e-30 1.245e-30 1.208e-01 4 3 58
412 14 1.898e-30 1.898e-30 3.641e-01 3 3 58
413 14 1.590e-30 1.590e-30 5.729e-02 3 3 58
414 14 1.307e-30 1.307e-30 1.938e-01 3 3 57
415 14 4.745e-30 4.745e-30 4.294e-01 3 3 58
416 14 3.575e-31 2.212e+03 4.081e-03 147 0 59
417 14 6.040e-31 1.134e-30 4.567e-01 4 3 57
418 14 1.183e-30 1.183e-30 1.597e-01 3 3 57
419 14 1.146e-30 1.146e-30 5.387e-02 3 3 58
420 14 1.270e-30 1.270e-30 4.803e-01 4 3 59
421 14 8.751e-31 8.751e-31 2.760e-01 4 3 55
422 14 1.159e-30 1.159e-30 2.335e-02 3 3 56
423 14 3.328e-31 1.000e+30 0.000e+00 150 0 58
424 14 7.272e-31 8.998e-31 3.811e-01 6 3 54
425 14 6.040e-31 6.040e-31 4.939e-01 5 3 55
426 14 4.807e-31 1.294e-30 2.963e-01 6 3 56
427 14 4.191e-31 9.244e-31 3.061e-01 5 3 56
428 14 1.048e-30 1.048e-30 2.262e-01 5 3 53
429 14 1.109e-30 1.109e-30 7.241e-02 4 3 54
430 14 6.533e-31 6.533e-31 2.591e-01 3 3 54
431 14 6.533e-31 6.533e-31 3.102e-01 3 3 56
432 14 7.765e-31 7.765e-31 1.830e-01 3 3 57
433 14 6.779e-31 6.779e-31 6.115e-02 3 3 55
434 14 7.765e-31 7.765e-31 8.765e-02 4 3 56
435 14 1.183e-30 1.738e-30 6.387e-01 7 3 53
436 14 1.060e-30 1.060e-30 2.709e-01 5 3 54
437 14 7.026e-31 7.026e-31 5.139e-01 3 3 54
438 14 6.779e-31 6.779e-31 1.265e-01 3 3 56
439 14 1.060e-30 1.146e-30 3.450e-01 8 3 53
440 14 8.875e-31 8.875e-31 2.844e-01 3 3 54
441 14 8.382e-31 8.382e-31 1.469e-01 3 3 56
442 14 3.328e-31 7.782e-02 3.602e-01 111 0 54
443 14 9.551e-02 9.551e-02 3.786e-01 0 0 58
444 14 1.146e-30 1.146e-30 9.071e-02 4 3 56
445 14 8.751e-31 8.751e-31 4.506e-01 7 3 56
446 14 4.314e-31 8.135e-31 2.503e-01 9 3 58
447 14 3.944e-31 8.012e-31 2.067e-01 9 3 58
448 14 9.738e-31 9.738e-31 2.284e-01 3 3 57
449 14 1.454e-30 1.454e-30 3.551e-02 3 3 56
450 14 1.146e-30 1.146e-30 1.317e-01 3 3 56
451 14 2.958e-31 3.865e+05 4.784e-02 149 0 58
452 14 6.052e-30 6.052e-30 2.369e-01 3 3 56
453 14 1.257e-30 1.257e-30 3.665e-01 4 3 56
454 14 1.072e-30 1.072e-30 2.820e-01 4 3 56
455 14 7.149e-31 7.149e-31 2.924e-01 5 3 58
456 14 3.451e-31 3.451e-31 2.885e-01 7 3 58
457 14 9.738e-31 9.738e-31 1.439e-02 3 3 56
458 14 4.191e-31 4.191e-31 8.825e-02 3 3 58
459 14 3.205e-31 1.000e+30 0.000e+00 150 0 58
460 14 1.541e-30 1.541e-30 1.125e-01 3 3 57
461 14 9.368e-31 9.368e-31 2.860e-01 3 3 56
462 14 1.233e-30 1.233e-30 1.317e-01 3 3 57
463 14 1.035e-30 1.035e-30 2.956e-01 19 3 59
464 14 1.085e-30 1.245e-30 1.460e-01 6 3 59
465 14 1.270e-30 1.270e-30 2.621e-01 3 3 59
466 14 1.381e-30 1.381e-30 1.608e-01 3 3 58
467 14 9.861e-31 9.861e-31 2.195e-01 4 3 58
468 14 1.134e-30 1.368e-30 8.278e-02 5 3 59
469 14 1.331e-30 1.430e-30 2.047e-01 4 3 58
470 14 1.171e-30 1.171e-30 2.454e-01 3 3 59
471 14 1.048e-30 1.048e-30 1.178e-01 4 3 58
472 14 1.381e-30 1.381e-30 7.241e-02 3 3 59
473 14 1.023e-30 1.615e-30 3.821e-01 15 3 59
474 14 1.405e-30 1.405e-30 4.809e-02 3 3 58
475 14 9.368e-31 2.699e-30 6.927e-02 7 3 59
476 14 1.196e-30 1.196e-30 1.053e-01 3 3 59
477 14 1.430e-30 1.430e-30 2.327e-01 3 3 58
478 14 1.282e-30 1.282e-30 2.433e-01 3 3 58
479 14 1.196e-30 1.454e-30 3.339e-01 5 3 59
480 14 1.676e-30 1.676e-30 1.908e-01 3 3 58
481 14 1.319e-30 1.319e-30 1.132e-01 3 3 59
482 14 1.208e-30 1.208e-30 8.226e-02 3 3 59
483 14 1.307e-30 1.307e-30 2.279e-01 3 3 59
484 14 1.331e-30 1.331e-30 1.540e-01 6 3 59
485 14 1.479e-30 1.479e-30 4.830e-01 3 3 58
486 14 1.208e-30 1.442e-30 9.071e-02 5 3 59
487 14 1.713e-30 1.713e-30 1.423e-01 3 3 59
488 14 1.294e-30 1.294e-30 1.257e-01 3 3 59
489 14 1.196e-30 1.553e-30 5.270e-01 11 3 59
490 14 8.012e-31 8.012e-31 4.036e-01 4 3 59
491 14 1.159e-30 1.159e-30 1.492e-01 3 3 58
492 14 1.183e-30 1.183e-30 8.004e-02 3 3 58
493 14 1.085e-30 1.245e-30 2.772e-01 4 3 59
494 14 1.011e-30 1.011e-30 1.067e-01 3 3 59
495 14 1.220e-30 1.356e-30 1.751e-01 6 3 60
496 14 1.159e-30 1.159e-30 3.546e-01 3 3 60
497 14 1.919e-29 1.919e-29 1.089e-01 3 3 59
498 14 1.122e-30 1.122e-30 4.781e-01 3 3 60
499 14 1.011e-30 1.023e-30 6.504e-02 5 3 60
500 14 1.060e-30 1.060e-30 2.272e-01 8 3 60
501 14 1.701e-30 1.701e-30 1.525e-03 3 3 60
502 14 8.875e-31 8.875e-31 1.427e-01 3 3 60
503 14 1.220e-30 1.676e-30 3.050e-01 6 3 60
504 14 1.171e-30 1.639e-30 4.597e-01 5 3 60
505 14 1.282e-30 2.823e-30 2.227e-01 4 3 60
506 14 1.381e-30 1.381e-30 3.852e-01 3 3 59
507 14 1.060e-30 1.060e-30 2.327e-01 15 3 61
508 14 9.984e-31 1.602e-30 1.766e-01 4 3 61
509 14 1.048e-30 1.405e-30 2.415e-01 49 3 61
510 14 1.122e-30 1.122e-30 4.401e-01 8 3 61
511 14 9.861e-31 1.035e-30 7.689e-02 19 3 61
512 14 7.149e-31 7.149e-31 3.685e-01 8 3 59
513 14 1.454e-30 1.454e-30 2.071e-02 3 3 58
514 14 8.505e-31 8.505e-31 1.012e-01 3 3 59
515 14 1.183e-30 1.183e-30 1.039e-01 3 3 58
516 14 1.331e-30 1.331e-30 2.849e-01 6 3 57
517 14 9.984e-31 9.984e-31 9.447e-02 3 3 58
518 14 9.984e-31 1.196e-30 3.582e-01 4 3 57
519 14 1.430e-30 1.430e-30 1.128e-01 3 3 57
520 14 2.465e-31 1.000e+30 0.000e+00 150 0 59
521 14 1.072e-30 1.072e-30 1.497e-01 3 3 58
522 14 9.244e-31 9.244e-31 2.115e-01 3 3 57
523 14 1.282e-30 1.282e-30 2.438e-02 3 3 57
524 14 9.984e-31 1.467e-30 6.348e-02 5 3 57
525 14 1.294e-30 1.294e-30 1.469e-02 3 3 57
526 14 1.171e-30 1.171e-30 4.389e-01 3 3 57
527 14 6.286e-31 6.286e-31 3.854e-01 7 3 60
528 14 1.282e-30 1.282e-30 2.027e-01 4 3 58
529 14 3.451e-31 2.784e+05 4.818e-02 149 0 60
530 14 1.171e-30 1.171e-30 3.394e-01 3 3 58
531 14 1.344e-30 1.344e-30 6.595e-02 3 3 58
532 14 7.279e-02 7.279e-02 3.379e-01 0 0 61
533 14 3.821e-31 6.286e-31 4.537e-01 23 3 58
534 14 6.286e-31 6.286e-31 3.893e-01 16 3 58
535 14 4.314e-31 8.382e-31 5.601e-01 21 3 59
536 14 9.614e-31 9.614e-31 2.121e-01 3 3 56
537 14 8.505e-31 8.505e-31 5.493e-02 3 3 57
538 14 8.505e-31 8.505e-31 6.698e-02 5 3 58
539 14 3.944e-31 3.944e-31 2.820e-01 4 3 58
540 14 1.109e-30 1.233e-30 3.968e-01 4 3 56
541 14 1.060e-30 1.060e-30 2.099e-01 3 3 56
542 14 1.048e-30 1.048e-30 1.747e-01 3 3 57
543 14 1.196e-30 1.196e-30 2.090e-01 3 3 57
544 14 1.257e-30 1.257e-30 4.652e-01 4 3 58
545 14 6.286e-31 6.286e-31 1.899e-01 10 3 60
546 14 6.903e-31 7.149e-31 3.608e-01 21 3 58
547 14 4.437e-31 8.135e-31 3.232e-03 21 3 58
548 14 6.779e-31 6.779e-31 3.723e-01 3 3 60
549 14 8.751e-31 8.751e-31 3.346e-01 3 3 55
550 14 4.437e-31 4.437e-31 4.206e-01 3 3 56
551 14 7.026e-31 7.026e-31 1.055e-01 5 3 58
552 14 6.656e-31 6.656e-31 7.727e-02 4 3 57
553 14 1.134e-30 1.134e-30 1.600e-01 3 3 56
554 14 1.331e-30 1.331e-30 1.654e-01 3 3 57
555 14 1.590e-30 1.590e-30 2.185e-01 3 3 60
556 14 1.270e-30 1.270e-30 2.858e-01 3 3 59
557 14 9.614e-31 9.614e-31 4.690e-03 3 3 58
558 14 1.282e-30 1.393e-30 3.294e-01 4 3 59
559 14 2.712e-31 1.233e+06 5.666e-02 149 0 61
560 14 7.889e-31 7.889e-31 1.651e-01 4 3 59
561 14 1.134e-30 1.134e-30 2.109e-01 7 3 60
562 14 4.068e-31 4.068e-31 1.223e-01 5 3 58
563 14 3.821e-31 3.821e-31 4.055e-01 5 3 60
564 14 6.409e-31 6.409e-31 1.407e-01 3 3 58
565 14 1.565e-30 1.689e-30 5.832e-02 4 3 57
566 14 1.344e-30 1.344e-30 1.405e-01 3 3 57
567 14 1.171e-30 1.196e-30 3.391e-01 4 3 56
568 14 2.712e-31 1.000e+30 0.000e+00 150 0 60
569 14 8.382e-31 1.662e+03 2.462e-02 146 0 59
570 14 3.081e-31 6.275e+02 2.625e-02 149 0 60
571 14 2.835e-31 9.927e+03 1.807e-01 148 0 58
572 14 2.835e-31 1.107e+05 3.192e-02 149 0 61
573 14 1.146e-30 1.146e-30 1.783e-01 5 3 58
574 14 9.861e-31 9.861e-31 2.501e-01 3 3 57
575 14 1.541e-30 1.541e-30 2.308e-01 3 3 58
576 14 2.958e-31 7.889e-31 3.130e-01 7 3 60
577 14 5.177e-31 6.286e-31 4.888e-01 7 3 58
578 14 4.807e-31 4.807e-31 3.289e-01 9 3 59
579 14 9.984e-31 1.257e-30 2.037e-01 8 3 61
580 14 6.903e-31 9.614e-31 1.407e-01 14 3 60
581 14 2.786e-30 2.786e-30 5.036e-01 3 3 56
582 14 5.177e-31 5.177e-31 7.588e-02 4 3 59
583 14 9.614e-31 9.614e-31 3.105e-01 3 3 57
584 14 8.998e-31 8.998e-31 1.833e-01 5 3 58
585 14 1.639e-30 1.800e-30 1.717e-01 7 3 59
586 14 1.849e-30 1.849e-30 1.887e-01 3 3 58
587 14 1.146e-30 1.146e-30 8.646e-03 4 3 60
588 14 2.958e-31 1.000e+30 0.000e+00 150 0 59
589 14 8.135e-31 1.000e+30 0.000e+00 150 0 58
590 14 8.012e-31 1.000e+30 0.000e+00 150 0 59
591 14 6.903e-31 1.000e+30 0.000e+00 150 0 59
592 14 2.342e-31 1.000e+30 0.000e+00 150 0 60
593 14 2.958e-31 4.623e+03 6.937e-03 148 0 61
594 14 1.344e-30 1.344e-30 4.245e-01 3 3 56
595 14 8.135e-31 8.135e-31 7.341e-02 4 3 57
596 14 7.765e-31 7.765e-31 2.801e-01 5 3 57
597 14 1.307e-30 1.344e-30 2.385e-01 4 3 56
598 14 8.135e-31 8.875e-31 4.831e-02 4 3 59
599 14 1.072e-30 1.072e-30 5.369e-01 4 3 57
600 14 5.177e-31 5.177e-31 1.531e-01 4 3 58
601 14 7.272e-31 7.272e-31 1.862e-01 4 3 56
602 14 1.393e-30 1.393e-30 1.039e-01 3 3 56
603 14 3.821e-31 2.110e+04 5.233e-02 148 0 59
604 14 3.821e-31 2.243e+04 1.255e-01 148 0 58
605 14 2.465e-31 1.000e+30 0.000e+00 150 0 58
606 14 1.023e-30 1.368e-30 4.518e-02 10 3 58
607 14 1.060e-30 1.060e-30 1.174e-01 4 3 58
608 14 1.171e-30 1.171e-30 2.592e-01 3 3 58
609 14 1.442e-30 1.442e-30 4.137e-01 4 3 57
610 14 3.821e-31 3.821e-31 6.969e-02 7 3 60
611 14 5.300e-31 5.300e-31 9.749e-02 5 3 59
612 14 9.738e-31 9.984e-31 3.761e-02 9 3 60
613 14 5.177e-31 5.177e-31 1.335e-01 5 3 58
614 14 6.533e-31 6.533e-31 1.637e-01 6 3 60
615 14 1.393e-30 1.393e-30 1.681e-01 4 3 58
616 14 1.405e-30 1.405e-30 4.760e-01 3 3 57
617 14 2.108e-30 2.108e-30 5.211e-02 3 3 57
618 14 6.040e-31 6.040e-31 5.603e-01 5 3 58
619 14 1.245e-30 1.245e-30 2.521e-01 3 3 57
620 14 1.381e-30 1.528e-30 1.984e-02 4 3 56
621 14 1.196e-30 1.196e-30 1.621e-01 3 3 58
622 14 7.642e-31 7.642e-31 1.690e-01 4 3 59
623 14 1.344e-30 1.344e-30 1.817e-01 4 3 58
624 14 9.491e-31 9.491e-31 2.084e-01 4 3 58
625 14 3.328e-31 1.000e+30 0.000e+00 150 0 59
626 14 3.081e-31 1.000e+30 0.000e+00 150 0 59
627 14 2.095e-31 1.000e+30 0.000e+00 150 0 60
628 14 3.698e-31 1.000e+30 0.000e+00 150 0 58
629 14 4.068e-31 8.202e+03 1.325e-01 148 0 61
630 14 3.575e-31 1.000e+30 0.000e+00 150 0 59
631 14 3.205e-31 3.650e+05 3.749e-03 149 0 60
632 14 1.602e-31 1.000e+30 0.000e+00 150 0 59
633 14 3.698e-31 1.000e+30 0.000e+00 150 0 58
634 14 2.835e-31 7.409e+05 1.636e-01 149 0 61
635 14 7.272e-31 9.121e-31 4.323e-01 8 3 56
636 14 7.396e-31 8.751e-31 2.749e-02 7 3 55
637 14 4.807e-31 7.272e-31 9.658e-02 11 3 56
638 14 1.886e-30 1.886e-30 5.070e-02 3 3 54
639 14 7.765e-31 7.765e-31 5.384e-01 3 3 57
640 14 1.183e-30 1.183e-30 1.496e-01 3 3 56
641 14 1.233e-30 1.233e-30 1.566e-01 3 3 55
642 14 8.012e-31 8.012e-31 2.291e-01 4 3 58
643 14 7.519e-31 7.519e-31 3.626e-01 3 3 56
644 14 1.060e-30 1.085e-30 3.626e-01 9 3 56
645 14 9.861e-31 1.220e-30 4.918e-01 4 3 56
646 14 1.196e-30 1.196e-30 1.771e-01 5 3 56
647 14 8.628e-31 1.356e-30 2.169e-01 5 3 56
648 14 7.396e-31 7.396e-31 1.671e-01 5 3 58
649 14 9.614e-31 9.614e-31 1.113e-01 3 3 57
650 14 2.219e-31 7.782e-02 6.401e-02 124 0 58
651 14 3.821e-31 7.782e-02 6.401e-02 116 0 58
652 14 1.220e-30 1.220e-30 5.283e-01 5 3 56
653 14 9.861e-31 1.233e-30 2.988e-01 5 3 56
654 14 9.244e-31 9.244e-31 4.150e-01 8 3 57
655 14 1.417e-30 1.417e-30 2.657e-01 5 3 58
656 14 7.765e-31 9.861e-31 1.730e-01 8 3 57
657 14 1.972e-31 7.782e-02 5.202e-01 118 0 58
658 14 2.342e-31 7.782e-02 2.795e-01 115 0 59
659 14 3.205e-31 7.782e-02 8.364e-02 119 0 60
660 14 1.220e-30 1.220e-30 2.217e-01 10 3 56
661 14 1.257e-30 1.257e-30 3.404e-01 3 3 57
662 14 8.505e-31 8.505e-31 4.393e-01 3 3 57
663 14 9.861e-31 1.381e-30 9.031e-02 4 3 58
664 14 2.835e-31 6.903e-31 2.514e-01 65 3 59
665 14 1.578e-30 1.578e-30 2.150e-01 3 3 57
666 14 1.023e-30 1.023e-30 2.377e-02 3 3 58
667 14 5.547e-31 5.547e-31 2.052e-01 5 3 59
668 14 1.233e-30 1.233e-30 9.825e-02 3 3 57
669 14 1.171e-30 1.171e-30 1.277e-01 3 3 58
670 14 1.294e-30 1.590e-30 2.379e-01 4 3 58
671 14 1.319e-30 1.319e-30 3.749e-01 3 3 56
672 14 1.023e-30 1.023e-30 9.023e-02 3 3 58
673 14 3.698e-31 3.698e-31 8.723e-02 5 3 60
674 14 1.109e-30 1.122e-30 4.510e-01 7 3 58
675 14 3.451e-31 6.948e+05 1.305e+00 149 0 60
676 14 1.245e-30 1.245e-30 2.849e-02 5 3 59
677 14 1.171e-30 1.171e-30 2.609e-01 4 3 59
678 14 1.294e-30 1.294e-30 2.988e-02 3 3 57
679 14 1.479e-30 1.479e-30 1.198e-01 3 3 58
680 14 1.134e-30 1.134e-30 1.318e-01 3 3 58
681 14 9.984e-31 9.984e-31 8.847e-02 3 3 58
682 14 4.437e-31 5.177e-31 1.459e-01 19 3 60
683 14 5.423e-31 7.149e-31 3.704e-01 13 3 58
684 14 2.342e-31 1.000e+30 0.000e+00 150 0 61
685 14 5.793e-31 5.793e-31 3.617e-01 11 3 59
686 14 4.191e-31 1.000e+30 0.000e+00 150 0 61
687 14 3.944e-31 3.944e-31 1.218e-01 3 3 58
688 14 7.149e-31 1.023e-30 1.659e-01 5 3 60
689 14 4.930e-31 7.026e-31 6.593e-02 15 3 60
690 14 2.342e-31 1.000e+30 0.000e+00 150 0 61
691 14 8.875e-31 8.875e-31 3.473e-01 3 3 58
692 14 3.944e-31 1.000e+30 0.000e+00 150 0 61
693 14 3.451e-31 8.505e-31 1.572e-01 25 3 59
694 14 6.533e-31 6.533e-31 3.646e-02 5 3 60
695 14 5.916e-31 9.491e-31 4.376e-02 5 3 57
696 14 1.344e-30 1.344e-30 3.567e-01 4 3 57
697 14 8.505e-31 8.505e-31 4.527e-01 3 3 58
698 14 9.738e-31 9.738e-31 1.089e-02 5 3 57
699 14 5.670e-31 9.244e-31 5.227e-02 15 3 59
700 14 1.060e-30 1.060e-30 3.338e-01 7 3 59
701 14 1.405e-30 1.405e-30 2.649e-01 3 3 58
702 14 1.270e-30 1.270e-30 4.827e-01 3 3 59
703 14 1.541e-30 1.541e-30 3.253e-01 3 3 58
704 14 1.381e-30 1.381e-30 3.867e-01 4 3 58
705 14 1.393e-30 1.393e-30 5.177e-01 3 3 59
706 14 1.134e-30 1.134e-30 1.919e-01 7 3 59
707 14 1.171e-30 1.171e-30 2.277e-01 4 3 58
708 14 1.159e-30 1.159e-30 1.590e-01 4 3 59
709 14 1.035e-30 1.035e-30 4.179e-02 5 3 58
710 14 4.930e-31 4.930e-31 5.702e-01 7 3 60
711 14 1.023e-30 1.023e-30 8.310e-03 4 3 59
712 14 8.875e-31 8.875e-31 1.241e-01 5 3 60
713 14 1.381e-30 1.381e-30 1.385e-01 5 3 60
714 14 1.072e-30 1.072e-30 3.833e-01 36 3 61
715 14 1.405e-30 1.479e-30 3.991e-01 5 3 60
716 14 5.547e-31 1.109e-30 3.144e-01 42 3 61
717 14 1.109e-30 1.109e-30 3.520e-01 4 3 57
718 14 1.615e-30 1.615e-30 3.948e-01 5 3 58
719 14 1.208e-30 1.208e-30 4.390e-01 4 3 58
720 14 4.807e-31 4.807e-31 1.411e-01 5 3 59
721 14 5.793e-31 5.793e-31 3.086e-01 15 3 59
722 14 1.405e-30 1.405e-30 2.689e-02 5 3 58
723 14 1.220e-30 1.220e-30 2.419e-01 4 3 58
724 14 9.984e-31 1.245e-30 5.354e-01 5 3 59
725 14 1.060e-30 1.060e-30 1.011e-01 4 3 59
726 14 1.060e-30 1.060e-30 3.209e-01 4 3 59
727 14 1.245e-30 1.245e-30 3.501e-02 4 3 59
728 14 1.085e-30 1.085e-30 9.274e-03 3 3 59
729 14 1.528e-30 2.021e-30 1.847e-01 6 3 60
730 14 2.465e-31 5.300e-31 4.633e-01 39 3 58
731 14 1.109e-30 1.109e-30 2.604e-01 5 3 56
732 14 5.189e-30 5.189e-30 5.068e-02 3 3 56
733 14 9.614e-31 9.614e-31 4.344e-01 3 3 56
734 14 5.300e-31 5.300e-31 2.874e-01 13 3 58
735 14 1.011e-30 1.011e-30 3.342e-01 3 3 58
736 14 1.159e-30 1.159e-30 4.322e-01 3 3 57
737 14 1.516e-30 1.516e-30 1.457e-01 3 3 58
738 14 1.307e-30 1.307e-30 1.434e-01 3 3 57
739 14 1.072e-30 1.072e-30 7.218e-02 3 3 57
740 14 1.023e-30 1.023e-30 3.598e-01 3 3 58
741 14 3.081e-31 1.000e+30 0.000e+00 150 0 58
742 14 1.085e-30 1.085e-30 5.531e-01 4 3 56
743 14 1.257e-30 1.257e-30 8.988e-02 3 3 56
744 14 3.328e-31 9.489e+03 5.531e-02 149 0 58
745 14 4.561e-31 4.561e-31 4.457e-01 5 3 58
746 14 3.328e-31 1.000e+30 0.000e+00 150 0 58
747 14 9.984e-31 9.984e-31 4.144e-01 3 3 56
748 14 1.454e-30 1.454e-30 5.867e-02 3 3 56
749 14 2.465e-31 1.000e+30 0.000e+00 150 0 58
750 14 1.294e-30 1.294e-30 2.852e-01 3 3 56
751 14 1.405e-30 1.405e-30 5.898e-01 4 3 56
752 14 1.220e-30 1.220e-30 3.381e-01 3 3 56
753 14 3.698e-31 1.000e+30 0.000e+00 150 0 58
754 14 9.121e-31 9.121e-31 1.421e-01 4 3 56
755 14 3.698e-31 7.782e-02 5.443e-01 115 0 58
756 14 1.294e-30 1.294e-30 1.032e-01 8 3 56
757 14 9.491e-31 1.085e-30 2.027e-01 7 3 56
758 14 1.331e-30 1.331e-30 2.181e-01 3 3 57
759 14 7.149e-31 7.149e-31 1.987e-01 3 3 58
760 14 1.011e-30 1.011e-30 1.920e-02 3 3 56
761 14 1.159e-30 1.270e-30 3.194e-01 4 3 57
762 14 1.800e-30 1.800e-30 4.772e-01 3 3 56
763 14 3.451e-31 7.782e-02 4.865e-01 117 0 58
764 14 1.146e-30 1.146e-30 4.780e-01 8 3 56
765 14 2.835e-31 7.782e-02 4.849e-01 114 0 58
766 14 5.916e-31 5.916e-31 3.550e-01 5 3 58
767 14 9.368e-31 9.368e-31 9.708e-02 3 3 57
768 14 3.205e-31 3.205e-31 3.566e-01 3 3 58
769 14 8.258e-31 8.258e-31 5.201e-01 3 3 58
770 14 1.454e-30 1.454e-30 2.258e-01 3 3 57
771 14 1.233e-30 1.233e-30 3.361e-01 3 3 56
772 14 1.159e-30 1.159e-30 3.596e-01 3 3 56
773 14 6.409e-31 6.409e-31 2.967e-01 5 3 58
774 14 1.590e-30 1.590e-30 4.730e-01 3 3 57
775 14 7.149e-31 7.149e-31 2.935e-01 3 3 58
776 14 9.738e-31 9.738e-31 4.616e-01 3 3 56
777 14 7.642e-31 7.642e-31 5.234e-03 3 3 58
778 14 6.163e-31 6.163e-31 1.143e-01 5 3 58
779 14 1.035e-30 1.652e-30 1.525e-01 13 3 57
780 14 9.368e-31 9.368e-31 1.703e-01 5 3 57
781 14 7.272e-31 7.272e-31 3.160e-02 5 3 59
782 14 1.479e-30 1.479e-30 2.547e-01 3 3 59
783 14 4.068e-31 1.000e+30 0.000e+00 150 0 59
784 14 1.257e-30 1.257e-30 7.509e-02 3 3 58
785 14 7.889e-31 7.889e-31 4.563e-01 3 3 58
786 14 1.171e-30 1.171e-30 4.748e-01 4 3 57
787 14 1.233e-30 1.233e-30 2.808e-01 3 3 58
788 14 1.294e-30 1.294e-30 2.134e-02 4 3 58
789 14 3.328e-31 1.000e+30 0.000e+00 150 0 59
790 14 3.328e-31 1.000e+30 0.000e+00 150 0 59
791 14 1.085e-30 1.085e-30 2.621e-01 3 3 57
792 14 1.652e-30 1.652e-30 3.773e-01 3 3 58
793 14 1.504e-30 1.504e-30 1.697e-01 3 3 57
794 14 5.670e-31 5.670e-31 1.474e-01 3 3 59
795 14 9.368e-31 9.368e-31 4.171e-01 4 3 57
796 14 1.245e-30 1.245e-30 2.895e-01 3 3 57
797 14 1.491e-30 1.491e-30 3.848e-01 4 3 57
798 14 6.409e-31 4.499e-30 2.156e-01 4 3 57
799 14 6.409e-31 6.409e-31 3.981e-01 5 3 60
800 14 6.409e-31 6.409e-31 3.632e-01 6 3 60
801 14 9.368e-31 9.368e-31 1.800e-01 6 3 58
802 14 1.344e-30 1.344e-30 8.857e-03 4 3 58
803 14 1.848e-02 1.848e-02 3.503e-01 0 0 61
804 14 6.779e-31 6.779e-31 3.268e-01 5 3 60
805 14 1.183e-30 1.183e-30 3.490e-01 4 3 59
806 14 2.835e-31 1.000e+30 0.000e+00 150 0 60
807 14 6.903e-31 6.903e-31 2.621e-01 3 3 58
808 14 4.314e-31 6.163e-31 2.069e-01 13 3 61
809 14 7.889e-31 1.000e+30 0.000e+00 150 0 60
810 14 9.861e-31 1.282e-30 4.337e-02 5 3 58
811 14 1.319e-30 1.319e-30 2.422e-03 3 3 58
812 14 1.109e-30 1.109e-30 1.191e-01 3 3 57
813 14 1.208e-30 1.208e-30 2.480e-01 5 3 58
814 14 2.465e-31 1.000e+30 0.000e+00 149 0 59
815 14 4.191e-31 5.469e+03 6.928e-02 148 0 59
816 14 9.861e-31 9.861e-31 5.011e-01 3 3 58
817 14 1.072e-30 1.072e-30 3.090e-01 9 3 56
818 14 9.491e-31 9.491e-31 4.948e-01 6 3 56
819 14 3.451e-31 7.782e-02 6.401e-02 113 0 58
820 14 9.738e-31 1.220e-30 2.809e-01 10 3 56
821 14 1.122e-30 1.602e-30 4.255e-01 6 3 58
822 14 9.614e-31 9.614e-31 3.606e-01 3 3 58
823 14 1.270e-30 1.270e-30 2.319e-01 3 3 57
824 14 1.565e-30 1.565e-30 5.440e-01 3 3 58
825 14 1.602e-30 1.602e-30 7.679e-02 3 3 58
826 14 1.479e-30 1.479e-30 2.409e-01 3 3 58
827 14 1.307e-30 1.307e-30 5.123e-02 3 3 57
828 14 8.258e-31 8.258e-31 1.708e-01 4 3 57
829 14 5.793e-31 5.793e-31 2.236e-03 4 3 57
830 14 1.134e-30 1.134e-30 3.674e-01 3 3 57
831 14 1.171e-30 1.171e-30 9.754e-02 3 3 57
832 14 1.208e-30 1.208e-30 7.202e-03 3 3 58
833 14 5.547e-31 1.060e-30 3.040e-01 42 3 58
834 14 1.442e-30 1.442e-30 2.334e-01 3 3 56
835 14 4.930e-31 1.257e-30 1.495e-01 12 3 58
836 14 3.328e-31 3.328e-31 3.358e-01 4 3 58
837 14 8.751e-31 8.751e-31 3.678e-01 5 3 56
838 14 1.085e-30 1.257e-30 4.078e-01 4 3 56
839 14 8.382e-31 8.382e-31 1.063e-01 3 3 58
840 14 1.023e-30 1.023e-30 5.455e-01 3 3 56
841 14 7.396e-31 7.396e-31 6.521e-02 6 3 58
842 14 4.807e-31 4.807e-31 7.208e-02 3 3 58
843 14 1.208e-30 1.208e-30 2.817e-01 3 3 57
844 14 1.381e-30 1.381e-30 4.166e-01 3 3 57
845 14 6.533e-31 9.984e-31 2.534e-01 7 3 58
846 14 9.614e-31 9.614e-31 1.820e-01 3 3 56
847 14 5.670e-31 1.048e-30 3.467e-01 8 3 58
848 14 1.331e-30 1.331e-30 5.326e-01 3 3 56
849 14 8.012e-31 1.245e-30 3.511e-01 6 3 58
850 14 1.085e-30 1.085e-30 2.510e-01 3 3 57
851 14 1.331e-30 1.331e-30 1.263e-01 3 3 58
852 14 2.367e-30 2.367e-30 1.331e-01 3 3 57
853 14 1.812e-30 1.812e-30 2.652e-01 3 3 57
854 14 7.889e-31 1.134e-30 2.276e-01 8 3 58
855 14 1.035e-30 1.035e-30 7.189e-02 5 3 58
856 14 7.889e-31 7.889e-31 1.909e-01 3 3 57
857 14 9.368e-31 1.109e-30 4.085e-01 7 3 59
858 14 9.984e-31 9.984e-31 3.599e-01 6 3 58
859 14 1.060e-30 1.060e-30 5.466e-02 4 3 59
860 14 1.590e-30 1.590e-30 1.899e-01 5 3 59
861 14 8.751e-31 8.751e-31 2.188e-01 3 3 59
862 14 1.097e-30 1.097e-30 4.295e-01 5 3 60
863 14 1.294e-30 1.294e-30 2.416e-01 7 3 60
864 14 8.875e-31 8.875e-31 2.373e-01 5 3 59
865 14 1.183e-30 1.183e-30 2.509e-01 3 3 59
866 14 1.565e-30 1.565e-30 2.290e-01 4 3 59
867 14 1.196e-30 1.368e-30 1.667e-01 8 3 59
868 14 1.405e-30 1.676e-30 9.178e-02 5 3 58
869 14 1.048e-30 1.048e-30 2.157e-01 3 3 58
870 14 1.035e-30 1.035e-30 1.882e-01 4 3 58
871 14 1.171e-30 1.183e-30 5.295e-01 7 3 59
872 14 1.356e-30 1.356e-30 9.336e-02 4 3 59
873 14 9.368e-31 1.750e-30 2.012e-01 27 3 59
874 14 1.023e-30 1.023e-30 1.821e-01 8 3 59
875 14 1.270e-30 1.270e-30 1.751e-02 3 3 58
876 14 1.233e-30 1.233e-30 1.874e-01 4 3 58
877 14 8.135e-31 8.135e-31 1.427e-01 5 3 59
878 14 1.220e-30 1.220e-30 2.777e-02 7 3 60
879 14 1.553e-30 1.553e-30 1.581e-01 5 3 60
880 14 9.121e-31 9.121e-31 1.746e-01 4 3 60
881 14 9.368e-31 1.159e-30 6.496e-03 8 3 60
882 14 1.072e-30 1.270e-30 1.852e-01 13 3 60
883 14 1.417e-30 1.417e-30 1.614e-02 7 3 60
884 14 8.628e-31 8.628e-31 1.815e-01 9 3 60
885 14 1.344e-30 1.344e-30 2.580e-01 3 3 60
886 14 1.023e-30 1.023e-30 1.856e-01 7 3 60
887 14 9.614e-31 9.614e-31 4.481e-01 8 3 60
888 14 8.258e-31 8.258e-31 1.523e-01 10 3 61
889 14 1.060e-30 1.356e-30 2.620e-01 6 3 60
890 14 1.220e-30 1.220e-30 5.049e-02 3 3 59
891 14 1.085e-30 1.085e-30 3.663e-01 7 3 60
892 14 9.984e-31 9.984e-31 1.931e-01 4 3 60
893 14 1.085e-30 1.356e-30 3.517e-01 7 3 60
894 14 2.046e-30 2.046e-30 6.031e-03 3 3 60
895 14 1.257e-30 1.257e-30 2.198e-01 5 3 60
896 14 5.793e-31 1.331e-30 5.012e-01 8 3 60
897 14 1.233e-30 1.233e-30 2.393e-01 3 3 60
898 14 1.516e-30 1.516e-30 4.076e-02 5 3 60
899 14 1.196e-30 1.196e-30 3.077e-01 7 3 60
900 14 8.258e-31 1.417e-30 2.150e-01 13 3 60
901 14 1.097e-30 1.097e-30 5.452e-01 4 3 60
902 14 1.701e-30 1.701e-30 1.097e-01 3 3 59
903 14 1.356e-30 1.911e-30 3.909e-02 4 3 61
904 14 8.382e-31 1.393e-30 9.563e-02 17 3 61
905 14 8.751e-31 1.662e-02 5.220e-01 141 0 61
906 14 9.738e-31 9.738e-31 1.377e-01 19 3 60
907 14 8.875e-31 8.875e-31 4.134e-01 14 3 63
908 14 1.134e-30 1.454e-30 6.669e-02 29 3 62
909 14 1.060e-30 1.368e-30 4.481e-01 15 3 61
910 14 8.135e-31 1.011e-30 2.314e-01 84 3 63
911 14 9.244e-31 2.058e-30 1.303e-01 23 3 62
912 14 3.451e-31 1.000e+30 0.000e+00 150 0 64
913 14 8.135e-31 1.122e-30 3.532e-01 78 3 61
914 14 1.085e-30 1.356e-30 4.465e-01 9 3 62
915 14 1.183e-30 1.196e-30 3.294e-02 5 3 61
916 14 1.035e-30 1.417e-30 3.526e-01 9 3 60
917 14 9.147e-02 9.147e-02 3.736e-01 0 0 63
918 14 1.294e-30 1.319e-30 1.207e-01 8 3 62
919 14 7.765e-31 1.738e-30 2.297e-02 9 3 60
920 14 9.491e-31 1.282e-30 2.357e-01 19 3 61
921 14 3.944e-31 7.782e-02 3.028e-01 127 0 62
922 14 1.085e-30 1.664e-30 3.555e-01 11 3 61
923 14 8.875e-31 1.331e-30 3.016e-02 25 3 61
924 14 1.023e-30 1.220e-30 6.265e-02 10 3 60
925 14 1.085e-30 1.454e-30 7.142e-02 5 3 60
926 14 2.095e-31 1.000e+30 0.000e+00 150 0 63
927 14 9.121e-31 1.307e-30 2.031e-01 90 3 62
928 14 8.875e-31 1.225e-29 5.513e-01 29 3 61
929 14 9.984e-31 1.023e-30 6.828e-02 26 3 62
930 14 9.368e-31 1.615e-30 1.163e-01 30 3 60
931 14 1.085e-30 1.085e-30 1.631e-01 6 3 59
932 14 1.294e-30 1.294e-30 3.179e-01 3 3 59
933 14 1.245e-30 1.319e-30 1.556e-01 9 3 60
934 14 9.368e-31 1.171e-30 2.185e-01 20 3 61
935 14 8.998e-31 1.109e-30 1.912e-02 22 3 59
936 14 6.656e-31 1.662e-02 2.605e-01 133 0 60
937 14 1.159e-30 1.159e-30 3.972e-02 3 3 58
938 14 1.294e-30 1.307e-30 2.882e-01 8 3 60
939 14 1.097e-30 1.319e-30 3.015e-01 15 3 60
940 14 1.171e-30 1.171e-30 6.542e-01 8 3 58
941 14 1.270e-30 1.368e-30 5.248e-01 13 3 58
942 14 6.656e-31 1.257e-30 1.581e-01 8 3 60
943 14 1.319e-30 1.405e-30 4.161e-03 5 3 59
944 14 7.149e-31 7.149e-31 5.995e-01 62 3 60
945 14 9.614e-31 9.614e-31 2.035e-01 4 3 60
946 14 1.072e-30 1.072e-30 1.290e-01 3 3 59
947 14 8.382e-31 8.875e-31 6.795e-02 57 3 60
948 14 9.121e-31 9.121e-31 4.996e-02 5 3 59
949 14 9.368e-31 1.023e-30 2.724e-01 7 3 58
950 14 8.628e-31 1.097e-30 3.652e-01 47 3 61
951 14 1.233e-30 1.454e-30 1.988e-01 4 3 59
952 14 6.409e-31 3.073e-02 4.280e-01 142 0 62
953 14 9.738e-31 9.738e-31 3.303e-01 8 3 60
954 14 3.451e-31 1.000e+30 0.000e+00 150 0 62
955 14 4.807e-31 1.528e-30 5.830e-01 65 3 61
956 14 1.085e-30 1.085e-30 3.206e-01 3 3 58
957 14 6.533e-31 1.639e-30 3.683e-01 6 3 60
958 14 1.035e-30 1.035e-30 1.810e-01 14 3 60
959 14 1.220e-30 1.220e-30 2.177e-01 5 3 59
960 14 6.163e-31 1.344e-30 4.703e-01 6 3 59
961 14 1.134e-30 1.282e-30 8.395e-02 28 3 60
962 14 1.270e-30 1.627e-30 2.353e-01 20 3 61
963 14 8.505e-31 1.220e-30 3.648e-01 6 3 59
964 14 8.998e-31 1.442e-30 4.259e-01 17 3 60
965 14 1.035e-30 1.097e-30 3.718e-01 21 3 60
966 14 9.984e-31 9.984e-31 5.147e-01 17 3 59
967 14 8.998e-31 8.998e-31 2.657e-01 7 3 60
968 14 1.454e-30 1.454e-30 2.800e-01 3 3 59
969 14 1.109e-30 1.109e-30 9.649e-02 21 3 61
970 14 1.072e-30 1.245e-30 1.450e-01 15 3 60
971 14 6.903e-31 1.726e-30 4.757e-02 5 3 60
972 14 1.356e-30 1.356e-30 2.336e-01 3 3 60
973 14 8.628e-31 1.627e-30 9.433e-03 11 3 60
974 14 1.146e-30 1.146e-30 2.453e-01 3 3 59
975 14 9.861e-31 9.861e-31 1.994e-01 3 3 59
976 14 1.109e-30 1.368e-30 2.484e-01 14 3 60
977 14 1.454e-30 1.479e-30 3.512e-01 6 3 60
978 14 1.048e-30 1.048e-30 3.144e-01 18 3 60
979 14 7.396e-31 1.590e-30 2.539e-01 51 3 61
980 14 8.258e-31 1.479e-30 3.353e-01 11 3 59
981 14 1.085e-30 1.085e-30 2.622e-01 10 3 60
982 14 6.903e-31 1.097e-30 3.362e-01 6 3 60
983 14 1.282e-30 1.442e-30 2.999e-01 8 3 60
984 14 1.060e-30 1.578e-30 5.205e-01 8 3 60
985 14 1.134e-30 1.726e-30 1.432e-01 9 3 60
986 14 1.233e-30 2.712e-30 4.320e-01 16 3 60
987 14 1.097e-30 1.256e-29 1.446e-01 9 3 60
988 14 1.171e-30 1.430e-30 2.251e-01 9 3 60
989 14 1.183e-30 1.319e-30 1.597e-01 31 3 60
990 14 9.984e-31 1.109e-30 1.083e-01 7 3 59
991 14 6.779e-31 1.109e-30 5.038e-01 98 3 59
992 14 8.998e-31 1.344e-30 1.543e-01 11 3 59
993 14 6.656e-31 6.656e-31 2.979e-01 9 3 60
994 14 4.561e-31 1.319e-30 3.185e-01 18 3 60
995 14 9.368e-31 9.368e-31 2.118e-01 4 3 58
996 14 5.300e-31 1.344e-30 2.418e-01 26 3 60
997 14 7.519e-31 1.713e-30 3.229e-01 69 3 61
998 14 9.244e-31 1.787e-30 4.265e-01 104 3 61
999 14 9.491e-31 1.245e-30 3.660e-01 22 3 62
1000 14 1.072e-30 1.159e-30 2.519e-01 12 3 60
1001 14 7.642e-31 1.627e-30 4.728e-01 149 1 62
1002 14 1.085e-30 1.085e-30 1.407e-01 5 3 60
1003 14 1.060e-30 1.245e-30 6.839e-03 7 3 60
1004 14 9.738e-31 1.208e-30 2.961e-01 26 3 60
1005 14 1.035e-30 1.035e-30 2.191e-01 26 3 61
1006 14 1.109e-30 1.109e-30 2.529e-01 5 3 60
1007 14 1.109e-30 1.109e-30 2.654e-01 6 3 60
1008 14 6.779e-31 6.779e-31 2.180e-01 3 3 60
1009 14 1.146e-30 1.565e-30 1.017e-01 7 3 58
1010 14 1.097e-30 1.097e-30 1.682e-02 13 3 60
1011 14 9.738e-31 9.738e-31 1.844e-01 12 3 58
1012 14 9.121e-31 1.356e-30 1.037e-01 19 3 58
1013 14 6.656e-31 1.356e-30 2.745e-01 9 3 60
1014 14 1.196e-30 1.196e-30 2.314e-01 3 3 60
1015 14 1.319e-30 1.861e-30 4.050e-01 5 3 60
1016 14 4.758e-30 4.758e-30 1.749e-01 3 3 60
1017 14 9.614e-31 1.405e-30 1.179e-01 4 3 60
1018 14 1.183e-30 1.183e-30 4.613e-01 12 3 60
1019 14 1.048e-30 1.159e-30 3.320e-02 45 3 61
1020 14 1.393e-30 1.393e-30 2.520e-01 3 3 59
1021 14 1.159e-30 1.344e-30 2.155e-01 13 3 59
1022 14 9.614e-31 1.590e-30 4.704e-01 9 3 59
1023 14 1.220e-30 1.319e-30 3.503e-01 9 3 60
1024 14 1.516e-30 1.516e-30 2.553e-01 15 3 60
1025 14 1.159e-30 1.159e-30 2.509e-01 5 3 59
1026 14 1.282e-30 1.282e-30 9.294e-02 3 3 60
1027 14 8.505e-31 8.505e-31 9.171e-02 5 3 60
1028 14 1.011e-30 1.011e-30 8.921e-02 7 3 60
1029 14 1.220e-30 1.220e-30 2.286e-02 5 3 60
1030 14 9.984e-31 9.984e-31 1.232e-01 13 3 60
1031 14 1.072e-30 1.183e-30 3.888e-01 6 3 60
1032 14 1.553e-30 1.911e-30 2.298e-01 7 3 60
1033 14 1.134e-30 1.652e-30 2.526e-01 11 3 60
1034 14 1.208e-30 1.208e-30 3.246e-01 3 3 59
1035 14 6.903e-31 1.171e-30 4.069e-01 77 3 61
1036 14 1.220e-30 1.701e-30 3.804e-01 5 3 58
1037 14 3.698e-31 8.751e-31 7.516e-02 16 3 60
1038 14 9.861e-31 2.132e-30 8.393e-02 9 3 60
1039 14 8.628e-31 1.294e-30 3.387e-01 5 3 60
1040 14 1.183e-30 1.196e-30 3.358e-02 5 3 60
1041 14 9.491e-31 1.344e-30 1.359e-01 17 3 59
1042 14 9.368e-31 9.368e-31 4.324e-01 11 3 59
1043 14 1.159e-30 1.159e-30 2.633e-01 5 3 60
1044 14 1.060e-30 1.060e-30 1.898e-02 9 3 60
1045 14 1.307e-30 1.356e-30 6.093e-01 7 3 62
1046 14 6.903e-31 4.142e-30 4.621e-02 117 3 63
1047 14 1.097e-30 1.590e-30 6.527e-02 21 3 64
1048 14 9.738e-31 1.984e-30 1.197e-01 40 3 63
1049 14 9.121e-31 1.183e-30 5.191e-01 92 3 63
1050 14 1.220e-30 1.738e-30 4.093e-01 15 3 62
1051 14 1.159e-30 1.270e-30 1.819e-01 14 3 62
